[31mWARNING: Ghost is attempting to use a direct method to send email. 
It is recommended that you explicitly configure an email service.[0m
[32mHelp and documentation can be found at http://support.ghost.org/mail.[0m

Ghost is running in production... 
Your blog is now available on http://ec2-52-193-50-98.ap-northeast-1.compute.amazonaws.com:80 
Ctrl+C to shut down
172.31.16.71 - - [13/Nov/2016:10:38:46 +0000] "GET /ghost/img/ghosticon.jpg HTTP/1.1" 200 2499 "-" "Mozilla/5.0"
126.159.244.73 - - [13/Nov/2016:10:38:46 +0000] "GET / HTTP/1.1" 200 - "-" "Mozilla/5.0 (Windows NT 10.0; Win64; x64) AppleWebKit/537.36 (KHTML, like Gecko) Chrome/54.0.2840.71 Safari/537.36"
172.31.16.71 - - [13/Nov/2016:10:38:46 +0000] "GET /assets/css/screen.css?v=ff53881f57 HTTP/1.1" 200 46422 "http://ec2-52-193-50-98.ap-northeast-1.compute.amazonaws.com/" "Serf/1.1.0 mod_pagespeed/1.9.32.14-0"
172.31.16.71 - - [13/Nov/2016:10:38:46 +0000] "GET /assets/js/jquery.fitvids.js?v=ff53881f57 HTTP/1.1" 200 2698 "http://ec2-52-193-50-98.ap-northeast-1.compute.amazonaws.com/" "Serf/1.1.0 mod_pagespeed/1.9.32.14-0"
172.31.16.71 - - [13/Nov/2016:10:38:46 +0000] "GET /assets/js/index.js?v=ff53881f57 HTTP/1.1" 200 1705 "http://ec2-52-193-50-98.ap-northeast-1.compute.amazonaws.com/" "Serf/1.1.0 mod_pagespeed/1.9.32.14-0"
172.31.16.71 - - [13/Nov/2016:10:38:46 +0000] "GET /favicon.ico HTTP/1.1" 200 1086 "http://ec2-52-193-50-98.ap-northeast-1.compute.amazonaws.com/" "Serf/1.1.0 mod_pagespeed/1.9.32.14-0"
126.159.244.73 - - [13/Nov/2016:10:38:46 +0000] "GET /assets/fonts/casper-icons.woff?v=1 HTTP/1.1" 200 2580 "http://ec2-52-193-50-98.ap-northeast-1.compute.amazonaws.com/assets/css/screen.css?v=ff53881f57" "Mozilla/5.0 (Windows NT 10.0; Win64; x64) AppleWebKit/537.36 (KHTML, like Gecko) Chrome/54.0.2840.71 Safari/537.36"
126.159.244.73 - - [13/Nov/2016:10:38:47 +0000] "GET /favicon.ico HTTP/1.1" 200 - "http://ec2-52-193-50-98.ap-northeast-1.compute.amazonaws.com/" "Mozilla/5.0 (Windows NT 10.0; Win64; x64) AppleWebKit/537.36 (KHTML, like Gecko) Chrome/54.0.2840.71 Safari/537.36"
126.159.244.73 - - [13/Nov/2016:10:38:55 +0000] "GET /ghost/signin HTTP/1.1" 301 - "-" "Mozilla/5.0 (Windows NT 10.0; Win64; x64) AppleWebKit/537.36 (KHTML, like Gecko) Chrome/54.0.2840.71 Safari/537.36"
126.159.244.73 - - [13/Nov/2016:10:38:57 +0000] "GET /ghost/signin/ HTTP/1.1" 200 - "-" "Mozilla/5.0 (Windows NT 10.0; Win64; x64) AppleWebKit/537.36 (KHTML, like Gecko) Chrome/54.0.2840.71 Safari/537.36"
172.31.16.71 - - [13/Nov/2016:10:38:57 +0000] "GET /ghost/vendor.min.css?v=ff53881f57 HTTP/1.1" 200 6954 "http://ec2-52-193-50-98.ap-northeast-1.compute.amazonaws.com/ghost/signin/" "Serf/1.1.0 mod_pagespeed/1.9.32.14-0"
172.31.16.71 - - [13/Nov/2016:10:38:57 +0000] "GET /ghost/ghost.min.css?v=ff53881f57 HTTP/1.1" 200 90427 "http://ec2-52-193-50-98.ap-northeast-1.compute.amazonaws.com/ghost/signin/" "Serf/1.1.0 mod_pagespeed/1.9.32.14-0"
172.31.16.71 - - [13/Nov/2016:10:38:57 +0000] "GET /ghost/vendor.min.js?v=ff53881f57 HTTP/1.1" 200 1633370 "http://ec2-52-193-50-98.ap-northeast-1.compute.amazonaws.com/ghost/signin/" "Serf/1.1.0 mod_pagespeed/1.9.32.14-0"
126.159.244.73 - - [13/Nov/2016:10:38:57 +0000] "GET /ghost/ghost.min.js?v=ff53881f57 HTTP/1.1" 200 - "http://ec2-52-193-50-98.ap-northeast-1.compute.amazonaws.com/ghost/signin/" "Mozilla/5.0 (Windows NT 10.0; Win64; x64) AppleWebKit/537.36 (KHTML, like Gecko) Chrome/54.0.2840.71 Safari/537.36"
172.31.16.71 - - [13/Nov/2016:10:38:57 +0000] "GET /ghost/ghost.min.js?v=ff53881f57 HTTP/1.1" 200 883080 "http://ec2-52-193-50-98.ap-northeast-1.compute.amazonaws.com/ghost/signin/" "Serf/1.1.0 mod_pagespeed/1.9.32.14-0"
172.31.16.71 - - [13/Nov/2016:10:38:57 +0000] "GET /ghost/img/touch-icon-iphone.png?v=ff53881f57 HTTP/1.1" 200 640 "http://ec2-52-193-50-98.ap-northeast-1.compute.amazonaws.com/ghost/signin/" "Serf/1.1.0 mod_pagespeed/1.9.32.14-0"
126.159.244.73 - - [13/Nov/2016:10:38:57 +0000] "GET /ghost/vendor.min.js?v=ff53881f57 HTTP/1.1" 200 - "http://ec2-52-193-50-98.ap-northeast-1.compute.amazonaws.com/ghost/signin/" "Mozilla/5.0 (Windows NT 10.0; Win64; x64) AppleWebKit/537.36 (KHTML, like Gecko) Chrome/54.0.2840.71 Safari/537.36"
172.31.16.71 - - [13/Nov/2016:10:38:57 +0000] "GET /ghost/img/touch-icon-ipad.png?v=ff53881f57 HTTP/1.1" 200 494 "http://ec2-52-193-50-98.ap-northeast-1.compute.amazonaws.com/ghost/signin/" "Serf/1.1.0 mod_pagespeed/1.9.32.14-0"
172.31.16.71 - - [13/Nov/2016:10:38:57 +0000] "GET /ghost/img/small.png?v=ff53881f57 HTTP/1.1" 200 426 "http://ec2-52-193-50-98.ap-northeast-1.compute.amazonaws.com/ghost/signin/" "Serf/1.1.0 mod_pagespeed/1.9.32.14-0"
172.31.16.71 - - [13/Nov/2016:10:38:57 +0000] "GET /ghost/img/medium.png?v=ff53881f57 HTTP/1.1" 200 400 "http://ec2-52-193-50-98.ap-northeast-1.compute.amazonaws.com/ghost/signin/" "Serf/1.1.0 mod_pagespeed/1.9.32.14-0"
172.31.16.71 - - [13/Nov/2016:10:38:57 +0000] "GET /ghost/img/invite-placeholder.png HTTP/1.1" 200 7860 "http://ec2-52-193-50-98.ap-northeast-1.compute.amazonaws.com/ghost/signin/" "Serf/1.1.0 mod_pagespeed/1.9.32.14-0"
172.31.16.71 - - [13/Nov/2016:10:38:57 +0000] "GET /ghost/img/invite-placeholder.png HTTP/1.1" 200 7860 "http://ec2-52-193-50-98.ap-northeast-1.compute.amazonaws.com/ghost/ghost.min.css?v=ff53881f57" "Serf/1.1.0 mod_pagespeed/1.9.32.14-0"
126.159.244.73 - - [13/Nov/2016:10:38:58 +0000] "GET /ghost/fonts/ghosticons.woff HTTP/1.1" 200 22496 "http://ec2-52-193-50-98.ap-northeast-1.compute.amazonaws.com/ghost/ghost.min.css?v=ff53881f57" "Mozilla/5.0 (Windows NT 10.0; Win64; x64) AppleWebKit/537.36 (KHTML, like Gecko) Chrome/54.0.2840.71 Safari/537.36"
126.159.244.73 - - [13/Nov/2016:10:39:23 +0000] "POST /ghost/api/v0.1/authentication/token HTTP/1.1" 200 - "http://ec2-52-193-50-98.ap-northeast-1.compute.amazonaws.com/ghost/signin/" "Mozilla/5.0 (Windows NT 10.0; Win64; x64) AppleWebKit/537.36 (KHTML, like Gecko) Chrome/54.0.2840.71 Safari/537.36"
126.159.244.73 - - [13/Nov/2016:10:39:23 +0000] "GET /ghost/api/v0.1/settings/?type=blog%2Ctheme%2Cprivate HTTP/1.1" 200 - "http://ec2-52-193-50-98.ap-northeast-1.compute.amazonaws.com/ghost/signin/" "Mozilla/5.0 (Windows NT 10.0; Win64; x64) AppleWebKit/537.36 (KHTML, like Gecko) Chrome/54.0.2840.71 Safari/537.36"
126.159.244.73 - - [13/Nov/2016:10:39:23 +0000] "GET /ghost/api/v0.1/users/me/?include=roles&status=all HTTP/1.1" 200 738 "http://ec2-52-193-50-98.ap-northeast-1.compute.amazonaws.com/ghost/signin/" "Mozilla/5.0 (Windows NT 10.0; Win64; x64) AppleWebKit/537.36 (KHTML, like Gecko) Chrome/54.0.2840.71 Safari/537.36"
126.159.244.73 - - [13/Nov/2016:10:39:24 +0000] "GET /ghost/api/v0.1/notifications/ HTTP/1.1" 200 269 "http://ec2-52-193-50-98.ap-northeast-1.compute.amazonaws.com/ghost/signin/" "Mozilla/5.0 (Windows NT 10.0; Win64; x64) AppleWebKit/537.36 (KHTML, like Gecko) Chrome/54.0.2840.71 Safari/537.36"
126.159.244.73 - - [13/Nov/2016:10:39:24 +0000] "GET /ghost/api/v0.1/posts/?page=1&limit=15&status=all&staticPages=all&include=tags HTTP/1.1" 200 - "http://ec2-52-193-50-98.ap-northeast-1.compute.amazonaws.com/ghost/signin/" "Mozilla/5.0 (Windows NT 10.0; Win64; x64) AppleWebKit/537.36 (KHTML, like Gecko) Chrome/54.0.2840.71 Safari/537.36"
126.159.244.73 - - [13/Nov/2016:10:39:24 +0000] "GET /ghost/img/user-image.png HTTP/1.1" 200 2421 "http://ec2-52-193-50-98.ap-northeast-1.compute.amazonaws.com/ghost/1/" "Mozilla/5.0 (Windows NT 10.0; Win64; x64) AppleWebKit/537.36 (KHTML, like Gecko) Chrome/54.0.2840.71 Safari/537.36"
126.159.244.73 - - [13/Nov/2016:10:39:37 +0000] "GET /ghost/api/v0.1/settings/?type=blog%2Ctheme%2Cprivate HTTP/1.1" 200 - "http://ec2-52-193-50-98.ap-northeast-1.compute.amazonaws.com/ghost/1/" "Mozilla/5.0 (Windows NT 10.0; Win64; x64) AppleWebKit/537.36 (KHTML, like Gecko) Chrome/54.0.2840.71 Safari/537.36"
126.159.244.73 - - [13/Nov/2016:10:39:37 +0000] "GET /ghost/api/v0.1/configuration/timezones/ HTTP/1.1" 200 - "http://ec2-52-193-50-98.ap-northeast-1.compute.amazonaws.com/ghost/1/" "Mozilla/5.0 (Windows NT 10.0; Win64; x64) AppleWebKit/537.36 (KHTML, like Gecko) Chrome/54.0.2840.71 Safari/537.36"
175.145.94.180 - - [13/Nov/2016:10:40:02 +0000] "GET / HTTP/1.1" 200 5021 "-" "Mozilla/5.0 (compatible; Googlebot/2.1; +http://www.google.com/bot.html)"
172.31.16.71 - - [13/Nov/2016:10:40:02 +0000] "GET /assets/css/screen.css?v=ff53881f57 HTTP/1.1" 200 46422 "http://localhost/" "Serf/1.1.0 mod_pagespeed/1.9.32.14-0"
172.31.16.71 - - [13/Nov/2016:10:40:02 +0000] "GET /assets/js/jquery.fitvids.js?v=ff53881f57 HTTP/1.1" 200 2698 "http://localhost/" "Serf/1.1.0 mod_pagespeed/1.9.32.14-0"
172.31.16.71 - - [13/Nov/2016:10:40:02 +0000] "GET /assets/js/index.js?v=ff53881f57 HTTP/1.1" 200 1705 "http://localhost/" "Serf/1.1.0 mod_pagespeed/1.9.32.14-0"
172.31.16.71 - - [13/Nov/2016:10:40:02 +0000] "GET /favicon.ico HTTP/1.1" 200 1086 "http://localhost/" "Serf/1.1.0 mod_pagespeed/1.9.32.14-0"
126.159.244.73 - - [13/Nov/2016:10:40:05 +0000] "POST /ghost/api/v0.1/uploads/ HTTP/1.1" 200 36 "http://ec2-52-193-50-98.ap-northeast-1.compute.amazonaws.com/ghost/settings/general/" "Mozilla/5.0 (Windows NT 10.0; Win64; x64) AppleWebKit/537.36 (KHTML, like Gecko) Chrome/54.0.2840.71 Safari/537.36"
126.159.244.73 - - [13/Nov/2016:10:40:05 +0000] "GET /content/images/2016/11/images.png HTTP/1.1" 200 1569 "http://ec2-52-193-50-98.ap-northeast-1.compute.amazonaws.com/ghost/settings/general/" "Mozilla/5.0 (Windows NT 10.0; Win64; x64) AppleWebKit/537.36 (KHTML, like Gecko) Chrome/54.0.2840.71 Safari/537.36"
126.159.244.73 - - [13/Nov/2016:10:40:08 +0000] "PUT /ghost/api/v0.1/settings/ HTTP/1.1" 200 - "http://ec2-52-193-50-98.ap-northeast-1.compute.amazonaws.com/ghost/settings/general/" "Mozilla/5.0 (Windows NT 10.0; Win64; x64) AppleWebKit/537.36 (KHTML, like Gecko) Chrome/54.0.2840.71 Safari/537.36"
126.159.244.73 - - [13/Nov/2016:10:40:20 +0000] "POST /ghost/api/v0.1/uploads/ HTTP/1.1" 200 39 "http://ec2-52-193-50-98.ap-northeast-1.compute.amazonaws.com/ghost/settings/general/" "Mozilla/5.0 (Windows NT 10.0; Win64; x64) AppleWebKit/537.36 (KHTML, like Gecko) Chrome/54.0.2840.71 Safari/537.36"
126.159.244.73 - - [13/Nov/2016:10:40:20 +0000] "GET /content/images/2016/11/t-i-xu-ng.jpg HTTP/1.1" 200 3138690 "http://ec2-52-193-50-98.ap-northeast-1.compute.amazonaws.com/ghost/settings/general/" "Mozilla/5.0 (Windows NT 10.0; Win64; x64) AppleWebKit/537.36 (KHTML, like Gecko) Chrome/54.0.2840.71 Safari/537.36"
126.159.244.73 - - [13/Nov/2016:10:40:22 +0000] "PUT /ghost/api/v0.1/settings/ HTTP/1.1" 200 - "http://ec2-52-193-50-98.ap-northeast-1.compute.amazonaws.com/ghost/settings/general/" "Mozilla/5.0 (Windows NT 10.0; Win64; x64) AppleWebKit/537.36 (KHTML, like Gecko) Chrome/54.0.2840.71 Safari/537.36"
126.159.244.73 - - [13/Nov/2016:10:40:44 +0000] "POST /ghost/api/v0.1/themes/upload/ HTTP/1.1" 200 351 "http://ec2-52-193-50-98.ap-northeast-1.compute.amazonaws.com/ghost/settings/general/uploadtheme/" "Mozilla/5.0 (Windows NT 10.0; Win64; x64) AppleWebKit/537.36 (KHTML, like Gecko) Chrome/54.0.2840.71 Safari/537.36"
126.159.244.73 - - [13/Nov/2016:10:40:44 +0000] "GET /ghost/api/v0.1/settings/?type=blog%2Ctheme%2Cprivate HTTP/1.1" 200 - "http://ec2-52-193-50-98.ap-northeast-1.compute.amazonaws.com/ghost/settings/general/uploadtheme/" "Mozilla/5.0 (Windows NT 10.0; Win64; x64) AppleWebKit/537.36 (KHTML, like Gecko) Chrome/54.0.2840.71 Safari/537.36"
126.159.244.73 - - [13/Nov/2016:10:40:46 +0000] "PUT /ghost/api/v0.1/settings/ HTTP/1.1" 200 - "http://ec2-52-193-50-98.ap-northeast-1.compute.amazonaws.com/ghost/settings/general/uploadtheme/" "Mozilla/5.0 (Windows NT 10.0; Win64; x64) AppleWebKit/537.36 (KHTML, like Gecko) Chrome/54.0.2840.71 Safari/537.36"
126.159.244.73 - - [13/Nov/2016:10:40:50 +0000] "PUT /ghost/api/v0.1/settings/ HTTP/1.1" 200 - "http://ec2-52-193-50-98.ap-northeast-1.compute.amazonaws.com/ghost/settings/general/" "Mozilla/5.0 (Windows NT 10.0; Win64; x64) AppleWebKit/537.36 (KHTML, like Gecko) Chrome/54.0.2840.71 Safari/537.36"

ERROR: You do not have permission to dismiss this notification. 
 
 Error
    at Error.NoPermissionError (/opt/bitnami/apps/ghost/htdocs/core/server/errors/no-permission-error.js:6:18)
    at destroyNotification (/opt/bitnami/apps/ghost/htdocs/core/server/api/notifications.js:169:21)
    at runTask (/opt/bitnami/apps/ghost/htdocs/core/server/utils/pipeline.js:16:24)
    at /opt/bitnami/apps/ghost/htdocs/core/server/utils/pipeline.js:26:20
    at tryCatcher (/opt/bitnami/apps/ghost/htdocs/node_modules/bluebird/js/release/util.js:16:23)
    at Object.gotValue (/opt/bitnami/apps/ghost/htdocs/node_modules/bluebird/js/release/reduce.js:157:18)
    at Object.gotAccum (/opt/bitnami/apps/ghost/htdocs/node_modules/bluebird/js/release/reduce.js:144:25)
    at Object.tryCatcher (/opt/bitnami/apps/ghost/htdocs/node_modules/bluebird/js/release/util.js:16:23)
    at Promise._settlePromiseFromHandler (/opt/bitnami/apps/ghost/htdocs/node_modules/bluebird/js/release/promise.js:510:31)
    at Promise._settlePromise (/opt/bitnami/apps/ghost/htdocs/node_modules/bluebird/js/release/promise.js:567:18)
    at Promise._settlePromise0 (/opt/bitnami/apps/ghost/htdocs/node_modules/bluebird/js/release/promise.js:612:10)
    at Promise._settlePromises (/opt/bitnami/apps/ghost/htdocs/node_modules/bluebird/js/release/promise.js:691:18)
    at Promise._fulfill (/opt/bitnami/apps/ghost/htdocs/node_modules/bluebird/js/release/promise.js:636:18)
    at Promise._resolveCallback (/opt/bitnami/apps/ghost/htdocs/node_modules/bluebird/js/release/promise.js:431:57)
    at Promise._settlePromiseFromHandler (/opt/bitnami/apps/ghost/htdocs/node_modules/bluebird/js/release/promise.js:522:17)
    at Promise._settlePromise (/opt/bitnami/apps/ghost/htdocs/node_modules/bluebird/js/release/promise.js:567:18) 

126.159.244.73 - - [13/Nov/2016:10:40:54 +0000] "DELETE /ghost/api/v0.1/notifications/1/ HTTP/1.1" 403 115 "http://ec2-52-193-50-98.ap-northeast-1.compute.amazonaws.com/ghost/settings/general/" "Mozilla/5.0 (Windows NT 10.0; Win64; x64) AppleWebKit/537.36 (KHTML, like Gecko) Chrome/54.0.2840.71 Safari/537.36"
126.159.244.73 - - [13/Nov/2016:10:41:01 +0000] "GET / HTTP/1.1" 200 - "-" "Mozilla/5.0 (Windows NT 10.0; Win64; x64) AppleWebKit/537.36 (KHTML, like Gecko) Chrome/54.0.2840.71 Safari/537.36"
172.31.16.71 - - [13/Nov/2016:10:41:01 +0000] "GET /assets/css/style.css?v=ff53881f57 HTTP/1.1" 301 - "http://ec2-52-193-50-98.ap-northeast-1.compute.amazonaws.com/" "Serf/1.1.0 mod_pagespeed/1.9.32.14-0"
172.31.16.71 - - [13/Nov/2016:10:41:01 +0000] "GET /assets/css/bootstrap.min.css?v=ff53881f57 HTTP/1.1" 200 122540 "http://ec2-52-193-50-98.ap-northeast-1.compute.amazonaws.com/" "Serf/1.1.0 mod_pagespeed/1.9.32.14-0"
172.31.16.71 - - [13/Nov/2016:10:41:01 +0000] "GET /assets/css/global.css?v=ff53881f57 HTTP/1.1" 200 2562 "http://ec2-52-193-50-98.ap-northeast-1.compute.amazonaws.com/" "Serf/1.1.0 mod_pagespeed/1.9.32.14-0"
172.31.16.71 - - [13/Nov/2016:10:41:01 +0000] "GET /assets/css/font-awesome.min.css?v=ff53881f57 HTTP/1.1" 200 26711 "http://ec2-52-193-50-98.ap-northeast-1.compute.amazonaws.com/" "Serf/1.1.0 mod_pagespeed/1.9.32.14-0"
172.31.16.71 - - [13/Nov/2016:10:41:01 +0000] "GET /assets/css/fontsheets/cheltenham-cheltenham.css?v=ff53881f57 HTTP/1.1" 200 434 "http://ec2-52-193-50-98.ap-northeast-1.compute.amazonaws.com/" "Serf/1.1.0 mod_pagespeed/1.9.32.14-0"
172.31.16.71 - - [13/Nov/2016:10:41:01 +0000] "GET /assets/css/menu.css?v=ff53881f57 HTTP/1.1" 200 633 "http://ec2-52-193-50-98.ap-northeast-1.compute.amazonaws.com/" "Serf/1.1.0 mod_pagespeed/1.9.32.14-0"
126.159.244.73 - - [13/Nov/2016:10:41:01 +0000] "GET /assets/css/menu.css?v=ff53881f57 HTTP/1.1" 200 633 "http://ec2-52-193-50-98.ap-northeast-1.compute.amazonaws.com/" "Mozilla/5.0 (Windows NT 10.0; Win64; x64) AppleWebKit/537.36 (KHTML, like Gecko) Chrome/54.0.2840.71 Safari/537.36"
126.159.244.73 - - [13/Nov/2016:10:41:01 +0000] "GET /assets/css/style.css?v=ff53881f57 HTTP/1.1" 301 - "http://ec2-52-193-50-98.ap-northeast-1.compute.amazonaws.com/" "Mozilla/5.0 (Windows NT 10.0; Win64; x64) AppleWebKit/537.36 (KHTML, like Gecko) Chrome/54.0.2840.71 Safari/537.36"
126.159.244.73 - - [13/Nov/2016:10:41:01 +0000] "GET /assets/css/allposts.css?v=ff53881f57 HTTP/1.1" 200 - "http://ec2-52-193-50-98.ap-northeast-1.compute.amazonaws.com/" "Mozilla/5.0 (Windows NT 10.0; Win64; x64) AppleWebKit/537.36 (KHTML, like Gecko) Chrome/54.0.2840.71 Safari/537.36"
126.159.244.73 - - [13/Nov/2016:10:41:01 +0000] "GET /assets/js/jquery-2.2.1.min.js?v=ff53881f57 HTTP/1.1" 200 - "http://ec2-52-193-50-98.ap-northeast-1.compute.amazonaws.com/" "Mozilla/5.0 (Windows NT 10.0; Win64; x64) AppleWebKit/537.36 (KHTML, like Gecko) Chrome/54.0.2840.71 Safari/537.36"
126.159.244.73 - - [13/Nov/2016:10:41:01 +0000] "GET /assets/js/bootstrap.min.js?v=ff53881f57 HTTP/1.1" 200 - "http://ec2-52-193-50-98.ap-northeast-1.compute.amazonaws.com/" "Mozilla/5.0 (Windows NT 10.0; Win64; x64) AppleWebKit/537.36 (KHTML, like Gecko) Chrome/54.0.2840.71 Safari/537.36"
126.159.244.73 - - [13/Nov/2016:10:41:01 +0000] "GET /assets/css/style.css/?v=ff53881f57 HTTP/1.1" 404 0 "http://ec2-52-193-50-98.ap-northeast-1.compute.amazonaws.com/" "Mozilla/5.0 (Windows NT 10.0; Win64; x64) AppleWebKit/537.36 (KHTML, like Gecko) Chrome/54.0.2840.71 Safari/537.36"
126.159.244.73 - - [13/Nov/2016:10:41:01 +0000] "GET /assets/js/ie10-viewport-bug-workaround.js?v=ff53881f57 HTTP/1.1" 200 641 "http://ec2-52-193-50-98.ap-northeast-1.compute.amazonaws.com/" "Mozilla/5.0 (Windows NT 10.0; Win64; x64) AppleWebKit/537.36 (KHTML, like Gecko) Chrome/54.0.2840.71 Safari/537.36"
172.31.16.71 - - [13/Nov/2016:10:41:04 +0000] "GET /assets/css/allposts.css?v=ff53881f57 HTTP/1.1" 200 2664 "http://ec2-52-193-50-98.ap-northeast-1.compute.amazonaws.com/" "Serf/1.1.0 mod_pagespeed/1.9.32.14-0"
172.31.16.71 - - [13/Nov/2016:10:41:04 +0000] "GET /assets/js/jquery-2.2.1.min.js?v=ff53881f57 HTTP/1.1" 200 85630 "http://ec2-52-193-50-98.ap-northeast-1.compute.amazonaws.com/" "Serf/1.1.0 mod_pagespeed/1.9.32.14-0"
172.31.16.71 - - [13/Nov/2016:10:41:04 +0000] "GET /assets/js/bootstrap.min.js?v=ff53881f57 HTTP/1.1" 200 36816 "http://ec2-52-193-50-98.ap-northeast-1.compute.amazonaws.com/" "Serf/1.1.0 mod_pagespeed/1.9.32.14-0"
126.159.244.73 - - [13/Nov/2016:10:41:04 +0000] "GET /assets/fonts/cheltenham-bt.ttf HTTP/1.1" 200 - "http://ec2-52-193-50-98.ap-northeast-1.compute.amazonaws.com/assets/css/fontsheets/cheltenham-cheltenham.css?v=ff53881f57" "Mozilla/5.0 (Windows NT 10.0; Win64; x64) AppleWebKit/537.36 (KHTML, like Gecko) Chrome/54.0.2840.71 Safari/537.36"
172.31.16.71 - - [13/Nov/2016:10:41:04 +0000] "GET /assets/js/ie10-viewport-bug-workaround.js?v=ff53881f57 HTTP/1.1" 200 641 "http://ec2-52-193-50-98.ap-northeast-1.compute.amazonaws.com/" "Serf/1.1.0 mod_pagespeed/1.9.32.14-0"
172.31.16.71 - - [13/Nov/2016:10:41:04 +0000] "GET /assets/images/favicon.ico?v=ff53881f57 HTTP/1.1" 301 - "http://ec2-52-193-50-98.ap-northeast-1.compute.amazonaws.com/" "Serf/1.1.0 mod_pagespeed/1.9.32.14-0"
126.159.244.73 - - [13/Nov/2016:10:41:04 +0000] "GET /assets/images/favicon.ico?v=ff53881f57 HTTP/1.1" 301 - "http://ec2-52-193-50-98.ap-northeast-1.compute.amazonaws.com/" "Mozilla/5.0 (Windows NT 10.0; Win64; x64) AppleWebKit/537.36 (KHTML, like Gecko) Chrome/54.0.2840.71 Safari/537.36"
126.159.244.73 - - [13/Nov/2016:10:41:04 +0000] "GET /assets/images/favicon.ico/?v=ff53881f57 HTTP/1.1" 404 0 "http://ec2-52-193-50-98.ap-northeast-1.compute.amazonaws.com/" "Mozilla/5.0 (Windows NT 10.0; Win64; x64) AppleWebKit/537.36 (KHTML, like Gecko) Chrome/54.0.2840.71 Safari/537.36"
126.159.244.73 - - [13/Nov/2016:10:44:15 +0000] "GET /ghost/signin/ HTTP/1.1" 200 - "-" "Mozilla/5.0 (Windows NT 10.0; Win64; x64) AppleWebKit/537.36 (KHTML, like Gecko) Chrome/54.0.2840.71 Safari/537.36"
126.159.244.73 - - [13/Nov/2016:10:44:15 +0000] "GET /ghost/api/v0.1/settings/?type=blog%2Ctheme%2Cprivate HTTP/1.1" 200 - "http://ec2-52-193-50-98.ap-northeast-1.compute.amazonaws.com/ghost/signin/" "Mozilla/5.0 (Windows NT 10.0; Win64; x64) AppleWebKit/537.36 (KHTML, like Gecko) Chrome/54.0.2840.71 Safari/537.36"
126.159.244.73 - - [13/Nov/2016:10:44:15 +0000] "GET /ghost/api/v0.1/users/me/?include=roles&status=all HTTP/1.1" 200 738 "http://ec2-52-193-50-98.ap-northeast-1.compute.amazonaws.com/ghost/signin/" "Mozilla/5.0 (Windows NT 10.0; Win64; x64) AppleWebKit/537.36 (KHTML, like Gecko) Chrome/54.0.2840.71 Safari/537.36"
126.159.244.73 - - [13/Nov/2016:10:44:16 +0000] "GET /ghost/api/v0.1/notifications/ HTTP/1.1" 200 269 "http://ec2-52-193-50-98.ap-northeast-1.compute.amazonaws.com/ghost/signin/" "Mozilla/5.0 (Windows NT 10.0; Win64; x64) AppleWebKit/537.36 (KHTML, like Gecko) Chrome/54.0.2840.71 Safari/537.36"
126.159.244.73 - - [13/Nov/2016:10:44:16 +0000] "GET /ghost/api/v0.1/posts/?page=1&limit=15&status=all&staticPages=all&include=tags HTTP/1.1" 200 - "http://ec2-52-193-50-98.ap-northeast-1.compute.amazonaws.com/ghost/signin/" "Mozilla/5.0 (Windows NT 10.0; Win64; x64) AppleWebKit/537.36 (KHTML, like Gecko) Chrome/54.0.2840.71 Safari/537.36"
126.159.244.73 - - [13/Nov/2016:10:44:20 +0000] "GET /ghost/api/v0.1/settings/?type=blog%2Ctheme%2Cprivate HTTP/1.1" 200 - "http://ec2-52-193-50-98.ap-northeast-1.compute.amazonaws.com/ghost/1/" "Mozilla/5.0 (Windows NT 10.0; Win64; x64) AppleWebKit/537.36 (KHTML, like Gecko) Chrome/54.0.2840.71 Safari/537.36"
126.159.244.73 - - [13/Nov/2016:10:44:20 +0000] "GET /ghost/img/slackicon.png HTTP/1.1" 200 18136 "http://ec2-52-193-50-98.ap-northeast-1.compute.amazonaws.com/ghost/settings/apps/" "Mozilla/5.0 (Windows NT 10.0; Win64; x64) AppleWebKit/537.36 (KHTML, like Gecko) Chrome/54.0.2840.71 Safari/537.36"
126.159.244.73 - - [13/Nov/2016:10:44:22 +0000] "GET /ghost/api/v0.1/settings/?type=blog%2Ctheme%2Cprivate HTTP/1.1" 200 - "http://ec2-52-193-50-98.ap-northeast-1.compute.amazonaws.com/ghost/settings/apps/" "Mozilla/5.0 (Windows NT 10.0; Win64; x64) AppleWebKit/537.36 (KHTML, like Gecko) Chrome/54.0.2840.71 Safari/537.36"
126.159.244.73 - - [13/Nov/2016:10:44:22 +0000] "GET /ghost/api/v0.1/configuration/timezones/ HTTP/1.1" 200 - "http://ec2-52-193-50-98.ap-northeast-1.compute.amazonaws.com/ghost/settings/apps/" "Mozilla/5.0 (Windows NT 10.0; Win64; x64) AppleWebKit/537.36 (KHTML, like Gecko) Chrome/54.0.2840.71 Safari/537.36"
126.159.244.73 - - [13/Nov/2016:10:44:28 +0000] "GET /ghost/api/v0.1/users/slug/username/?include=roles%2Ccount.posts HTTP/1.1" 200 758 "http://ec2-52-193-50-98.ap-northeast-1.compute.amazonaws.com/ghost/settings/general/" "Mozilla/5.0 (Windows NT 10.0; Win64; x64) AppleWebKit/537.36 (KHTML, like Gecko) Chrome/54.0.2840.71 Safari/537.36"
126.159.244.73 - - [13/Nov/2016:10:44:28 +0000] "GET /ghost/img/user-cover.png HTTP/1.1" 200 23563 "http://ec2-52-193-50-98.ap-northeast-1.compute.amazonaws.com/ghost/team/username/" "Mozilla/5.0 (Windows NT 10.0; Win64; x64) AppleWebKit/537.36 (KHTML, like Gecko) Chrome/54.0.2840.71 Safari/537.36"
126.159.244.73 - - [13/Nov/2016:10:44:41 +0000] "GET /ghost/api/v0.1/slugs/user/Khanh%20Nguyen/ HTTP/1.1" 200 35 "http://ec2-52-193-50-98.ap-northeast-1.compute.amazonaws.com/ghost/team/username/" "Mozilla/5.0 (Windows NT 10.0; Win64; x64) AppleWebKit/537.36 (KHTML, like Gecko) Chrome/54.0.2840.71 Safari/537.36"
126.159.244.73 - - [13/Nov/2016:10:45:20 +0000] "PUT /ghost/api/v0.1/users/password/ HTTP/1.1" 200 59 "http://ec2-52-193-50-98.ap-northeast-1.compute.amazonaws.com/ghost/team/username/" "Mozilla/5.0 (Windows NT 10.0; Win64; x64) AppleWebKit/537.36 (KHTML, like Gecko) Chrome/54.0.2840.71 Safari/537.36"

ERROR: Your password is incorrect. 
 
 Error
    at Error.ValidationError (/opt/bitnami/apps/ghost/htdocs/core/server/errors/validation-error.js:6:18)
    at then (/opt/bitnami/apps/ghost/htdocs/core/server/models/user.js:641:39)
    at tryCatcher (/opt/bitnami/apps/ghost/htdocs/node_modules/bluebird/js/release/util.js:16:23)
    at Promise._settlePromiseFromHandler (/opt/bitnami/apps/ghost/htdocs/node_modules/bluebird/js/release/promise.js:510:31)
    at Promise._settlePromise (/opt/bitnami/apps/ghost/htdocs/node_modules/bluebird/js/release/promise.js:567:18)
    at Promise._settlePromise0 (/opt/bitnami/apps/ghost/htdocs/node_modules/bluebird/js/release/promise.js:612:10)
    at Promise._settlePromises (/opt/bitnami/apps/ghost/htdocs/node_modules/bluebird/js/release/promise.js:691:18)
    at Promise._fulfill (/opt/bitnami/apps/ghost/htdocs/node_modules/bluebird/js/release/promise.js:636:18)
    at /opt/bitnami/apps/ghost/htdocs/node_modules/bluebird/js/release/nodeback.js:42:21
    at /opt/bitnami/apps/ghost/htdocs/node_modules/bcryptjs/dist/bcrypt.js:261:17
    at /opt/bitnami/apps/ghost/htdocs/node_modules/bcryptjs/dist/bcrypt.js:1198:21
    at Immediate.next [as _onImmediate] (/opt/bitnami/apps/ghost/htdocs/node_modules/bcryptjs/dist/bcrypt.js:1078:21)
    at processImmediate [as _immediateCallback] (timers.js:383:17) 

126.159.244.73 - - [13/Nov/2016:10:45:30 +0000] "PUT /ghost/api/v0.1/users/password/ HTTP/1.1" 422 84 "http://ec2-52-193-50-98.ap-northeast-1.compute.amazonaws.com/ghost/team/username/" "Mozilla/5.0 (Windows NT 10.0; Win64; x64) AppleWebKit/537.36 (KHTML, like Gecko) Chrome/54.0.2840.71 Safari/537.36"

ERROR: Your password is incorrect. 
 
 Error
    at Error.ValidationError (/opt/bitnami/apps/ghost/htdocs/core/server/errors/validation-error.js:6:18)
    at then (/opt/bitnami/apps/ghost/htdocs/core/server/models/user.js:641:39)
    at tryCatcher (/opt/bitnami/apps/ghost/htdocs/node_modules/bluebird/js/release/util.js:16:23)
    at Promise._settlePromiseFromHandler (/opt/bitnami/apps/ghost/htdocs/node_modules/bluebird/js/release/promise.js:510:31)
    at Promise._settlePromise (/opt/bitnami/apps/ghost/htdocs/node_modules/bluebird/js/release/promise.js:567:18)
    at Promise._settlePromise0 (/opt/bitnami/apps/ghost/htdocs/node_modules/bluebird/js/release/promise.js:612:10)
    at Promise._settlePromises (/opt/bitnami/apps/ghost/htdocs/node_modules/bluebird/js/release/promise.js:691:18)
    at Promise._fulfill (/opt/bitnami/apps/ghost/htdocs/node_modules/bluebird/js/release/promise.js:636:18)
    at /opt/bitnami/apps/ghost/htdocs/node_modules/bluebird/js/release/nodeback.js:42:21
    at /opt/bitnami/apps/ghost/htdocs/node_modules/bcryptjs/dist/bcrypt.js:261:17
    at /opt/bitnami/apps/ghost/htdocs/node_modules/bcryptjs/dist/bcrypt.js:1198:21
    at Immediate.next [as _onImmediate] (/opt/bitnami/apps/ghost/htdocs/node_modules/bcryptjs/dist/bcrypt.js:1078:21)
    at processImmediate [as _immediateCallback] (timers.js:383:17) 

126.159.244.73 - - [13/Nov/2016:10:45:46 +0000] "PUT /ghost/api/v0.1/users/password/ HTTP/1.1" 422 84 "http://ec2-52-193-50-98.ap-northeast-1.compute.amazonaws.com/ghost/team/username/" "Mozilla/5.0 (Windows NT 10.0; Win64; x64) AppleWebKit/537.36 (KHTML, like Gecko) Chrome/54.0.2840.71 Safari/537.36"
126.159.244.73 - - [13/Nov/2016:10:46:31 +0000] "PUT /ghost/api/v0.1/users/password/ HTTP/1.1" 200 59 "http://ec2-52-193-50-98.ap-northeast-1.compute.amazonaws.com/ghost/team/username/" "Mozilla/5.0 (Windows NT 10.0; Win64; x64) AppleWebKit/537.36 (KHTML, like Gecko) Chrome/54.0.2840.71 Safari/537.36"
126.159.244.73 - - [13/Nov/2016:10:46:42 +0000] "PUT /ghost/api/v0.1/users/1/?include=roles HTTP/1.1" 200 736 "http://ec2-52-193-50-98.ap-northeast-1.compute.amazonaws.com/ghost/team/username/" "Mozilla/5.0 (Windows NT 10.0; Win64; x64) AppleWebKit/537.36 (KHTML, like Gecko) Chrome/54.0.2840.71 Safari/537.36"
126.159.244.73 - - [13/Nov/2016:10:46:47 +0000] "GET /ghost/api/v0.1/settings/?type=blog%2Ctheme%2Cprivate HTTP/1.1" 200 - "http://ec2-52-193-50-98.ap-northeast-1.compute.amazonaws.com/ghost/team/khanh-nguyen/" "Mozilla/5.0 (Windows NT 10.0; Win64; x64) AppleWebKit/537.36 (KHTML, like Gecko) Chrome/54.0.2840.71 Safari/537.36"
126.159.244.73 - - [13/Nov/2016:10:46:50 +0000] "GET /ghost/api/v0.1/settings/?type=blog%2Ctheme%2Cprivate HTTP/1.1" 200 - "http://ec2-52-193-50-98.ap-northeast-1.compute.amazonaws.com/ghost/settings/apps/" "Mozilla/5.0 (Windows NT 10.0; Win64; x64) AppleWebKit/537.36 (KHTML, like Gecko) Chrome/54.0.2840.71 Safari/537.36"
126.159.244.73 - - [13/Nov/2016:10:47:08 +0000] "POST /ghost/api/v0.1/themes/upload/ HTTP/1.1" 200 497 "http://ec2-52-193-50-98.ap-northeast-1.compute.amazonaws.com/ghost/settings/general/uploadtheme/" "Mozilla/5.0 (Windows NT 10.0; Win64; x64) AppleWebKit/537.36 (KHTML, like Gecko) Chrome/54.0.2840.71 Safari/537.36"
126.159.244.73 - - [13/Nov/2016:10:47:08 +0000] "GET /ghost/api/v0.1/settings/?type=blog%2Ctheme%2Cprivate HTTP/1.1" 200 - "http://ec2-52-193-50-98.ap-northeast-1.compute.amazonaws.com/ghost/settings/general/uploadtheme/" "Mozilla/5.0 (Windows NT 10.0; Win64; x64) AppleWebKit/537.36 (KHTML, like Gecko) Chrome/54.0.2840.71 Safari/537.36"
126.159.244.73 - - [13/Nov/2016:10:47:10 +0000] "PUT /ghost/api/v0.1/settings/ HTTP/1.1" 200 - "http://ec2-52-193-50-98.ap-northeast-1.compute.amazonaws.com/ghost/settings/general/uploadtheme/" "Mozilla/5.0 (Windows NT 10.0; Win64; x64) AppleWebKit/537.36 (KHTML, like Gecko) Chrome/54.0.2840.71 Safari/537.36"
126.159.244.73 - - [13/Nov/2016:10:47:13 +0000] "PUT /ghost/api/v0.1/settings/ HTTP/1.1" 200 - "http://ec2-52-193-50-98.ap-northeast-1.compute.amazonaws.com/ghost/settings/general/" "Mozilla/5.0 (Windows NT 10.0; Win64; x64) AppleWebKit/537.36 (KHTML, like Gecko) Chrome/54.0.2840.71 Safari/537.36"

ERROR: You do not have permission to dismiss this notification. 
 
 Error
    at Error.NoPermissionError (/opt/bitnami/apps/ghost/htdocs/core/server/errors/no-permission-error.js:6:18)
    at destroyNotification (/opt/bitnami/apps/ghost/htdocs/core/server/api/notifications.js:169:21)
    at runTask (/opt/bitnami/apps/ghost/htdocs/core/server/utils/pipeline.js:16:24)
    at /opt/bitnami/apps/ghost/htdocs/core/server/utils/pipeline.js:26:20
    at tryCatcher (/opt/bitnami/apps/ghost/htdocs/node_modules/bluebird/js/release/util.js:16:23)
    at Object.gotValue (/opt/bitnami/apps/ghost/htdocs/node_modules/bluebird/js/release/reduce.js:157:18)
    at Object.gotAccum (/opt/bitnami/apps/ghost/htdocs/node_modules/bluebird/js/release/reduce.js:144:25)
    at Object.tryCatcher (/opt/bitnami/apps/ghost/htdocs/node_modules/bluebird/js/release/util.js:16:23)
    at Promise._settlePromiseFromHandler (/opt/bitnami/apps/ghost/htdocs/node_modules/bluebird/js/release/promise.js:510:31)
    at Promise._settlePromise (/opt/bitnami/apps/ghost/htdocs/node_modules/bluebird/js/release/promise.js:567:18)
    at Promise._settlePromise0 (/opt/bitnami/apps/ghost/htdocs/node_modules/bluebird/js/release/promise.js:612:10)
    at Promise._settlePromises (/opt/bitnami/apps/ghost/htdocs/node_modules/bluebird/js/release/promise.js:691:18)
    at Promise._fulfill (/opt/bitnami/apps/ghost/htdocs/node_modules/bluebird/js/release/promise.js:636:18)
    at Promise._resolveCallback (/opt/bitnami/apps/ghost/htdocs/node_modules/bluebird/js/release/promise.js:431:57)
    at Promise._settlePromiseFromHandler (/opt/bitnami/apps/ghost/htdocs/node_modules/bluebird/js/release/promise.js:522:17)
    at Promise._settlePromise (/opt/bitnami/apps/ghost/htdocs/node_modules/bluebird/js/release/promise.js:567:18) 

126.159.244.73 - - [13/Nov/2016:10:47:14 +0000] "DELETE /ghost/api/v0.1/notifications/1/ HTTP/1.1" 403 115 "http://ec2-52-193-50-98.ap-northeast-1.compute.amazonaws.com/ghost/settings/general/" "Mozilla/5.0 (Windows NT 10.0; Win64; x64) AppleWebKit/537.36 (KHTML, like Gecko) Chrome/54.0.2840.71 Safari/537.36"

ERROR: The {{get}} helper is not available. 
 Public API access must be enabled if you wish to use the {{get}} helper. 
 See http://support.ghost.org/public-api-beta 

126.159.244.73 - - [13/Nov/2016:10:47:24 +0000] "GET / HTTP/1.1" 200 - "-" "Mozilla/5.0 (Windows NT 10.0; Win64; x64) AppleWebKit/537.36 (KHTML, like Gecko) Chrome/54.0.2840.71 Safari/537.36"
172.31.16.71 - - [13/Nov/2016:10:47:24 +0000] "GET /assets/css/main.css?v=ff53881f57 HTTP/1.1" 200 40861 "http://ec2-52-193-50-98.ap-northeast-1.compute.amazonaws.com/" "Serf/1.1.0 mod_pagespeed/1.9.32.14-0"
172.31.16.71 - - [13/Nov/2016:10:47:24 +0000] "GET /assets/js/bundle.min.js?v=ff53881f57 HTTP/1.1" 200 42836 "http://ec2-52-193-50-98.ap-northeast-1.compute.amazonaws.com/" "Serf/1.1.0 mod_pagespeed/1.9.32.14-0"
172.31.16.71 - - [13/Nov/2016:10:47:24 +0000] "GET /assets/img/icon.png?v=ff53881f57 HTTP/1.1" 200 4605 "http://ec2-52-193-50-98.ap-northeast-1.compute.amazonaws.com/" "Serf/1.1.0 mod_pagespeed/1.9.32.14-0"
126.159.244.73 - - [13/Nov/2016:10:47:24 +0000] "GET /assets/fonts/mapache.ttf HTTP/1.1" 200 - "http://ec2-52-193-50-98.ap-northeast-1.compute.amazonaws.com/assets/css/main.css?v=ff53881f57" "Mozilla/5.0 (Windows NT 10.0; Win64; x64) AppleWebKit/537.36 (KHTML, like Gecko) Chrome/54.0.2840.71 Safari/537.36"
126.159.244.73 - - [13/Nov/2016:10:49:27 +0000] "GET /ghost/api/v0.1/settings/?type=blog%2Ctheme%2Cprivate HTTP/1.1" 200 - "http://ec2-52-193-50-98.ap-northeast-1.compute.amazonaws.com/ghost/editor/" "Mozilla/5.0 (Windows NT 10.0; Win64; x64) AppleWebKit/537.36 (KHTML, like Gecko) Chrome/54.0.2840.71 Safari/537.36"
126.159.244.73 - - [13/Nov/2016:10:49:27 +0000] "GET /ghost/api/v0.1/tags/?limit=all HTTP/1.1" 200 426 "http://ec2-52-193-50-98.ap-northeast-1.compute.amazonaws.com/ghost/editor/" "Mozilla/5.0 (Windows NT 10.0; Win64; x64) AppleWebKit/537.36 (KHTML, like Gecko) Chrome/54.0.2840.71 Safari/537.36"
126.159.244.73 - - [13/Nov/2016:10:49:27 +0000] "GET /ghost/api/v0.1/users/?limit=all&include=roles HTTP/1.1" 200 827 "http://ec2-52-193-50-98.ap-northeast-1.compute.amazonaws.com/ghost/editor/" "Mozilla/5.0 (Windows NT 10.0; Win64; x64) AppleWebKit/537.36 (KHTML, like Gecko) Chrome/54.0.2840.71 Safari/537.36"
126.159.244.73 - - [13/Nov/2016:10:49:28 +0000] "GET /ghost/api/v0.1/slugs/post/(Untitled)/ HTTP/1.1" 200 31 "http://ec2-52-193-50-98.ap-northeast-1.compute.amazonaws.com/ghost/editor/" "Mozilla/5.0 (Windows NT 10.0; Win64; x64) AppleWebKit/537.36 (KHTML, like Gecko) Chrome/54.0.2840.71 Safari/537.36"
126.159.244.73 - - [13/Nov/2016:10:49:28 +0000] "POST /ghost/api/v0.1/posts/?include=tags HTTP/1.1" 201 490 "http://ec2-52-193-50-98.ap-northeast-1.compute.amazonaws.com/ghost/editor/" "Mozilla/5.0 (Windows NT 10.0; Win64; x64) AppleWebKit/537.36 (KHTML, like Gecko) Chrome/54.0.2840.71 Safari/537.36"
126.159.244.73 - - [13/Nov/2016:10:49:32 +0000] "PUT /ghost/api/v0.1/posts/2/?include=tags HTTP/1.1" 200 - "http://ec2-52-193-50-98.ap-northeast-1.compute.amazonaws.com/ghost/editor/2/" "Mozilla/5.0 (Windows NT 10.0; Win64; x64) AppleWebKit/537.36 (KHTML, like Gecko) Chrome/54.0.2840.71 Safari/537.36"
126.159.244.73 - - [13/Nov/2016:10:50:29 +0000] "PUT /ghost/api/v0.1/posts/2/?include=tags HTTP/1.1" 200 - "http://ec2-52-193-50-98.ap-northeast-1.compute.amazonaws.com/ghost/editor/2/" "Mozilla/5.0 (Windows NT 10.0; Win64; x64) AppleWebKit/537.36 (KHTML, like Gecko) Chrome/54.0.2840.71 Safari/537.36"
126.159.244.73 - - [13/Nov/2016:10:50:42 +0000] "PUT /ghost/api/v0.1/posts/2/?include=tags HTTP/1.1" 200 - "http://ec2-52-193-50-98.ap-northeast-1.compute.amazonaws.com/ghost/editor/2/" "Mozilla/5.0 (Windows NT 10.0; Win64; x64) AppleWebKit/537.36 (KHTML, like Gecko) Chrome/54.0.2840.71 Safari/537.36"
126.159.244.73 - - [13/Nov/2016:10:50:50 +0000] "PUT /ghost/api/v0.1/posts/2/?include=tags HTTP/1.1" 200 - "http://ec2-52-193-50-98.ap-northeast-1.compute.amazonaws.com/ghost/editor/2/" "Mozilla/5.0 (Windows NT 10.0; Win64; x64) AppleWebKit/537.36 (KHTML, like Gecko) Chrome/54.0.2840.71 Safari/537.36"

ERROR: The {{get}} helper is not available. 
 Public API access must be enabled if you wish to use the {{get}} helper. 
 See http://support.ghost.org/public-api-beta 

126.159.244.73 - - [13/Nov/2016:10:50:57 +0000] "GET /overtime-co-dang-khong/ HTTP/1.1" 200 - "http://ec2-52-193-50-98.ap-northeast-1.compute.amazonaws.com/ghost/editor/2/" "Mozilla/5.0 (Windows NT 10.0; Win64; x64) AppleWebKit/537.36 (KHTML, like Gecko) Chrome/54.0.2840.71 Safari/537.36"
172.31.16.71 - - [13/Nov/2016:10:50:57 +0000] "GET /assets/img/user-image.png?v=ff53881f57 HTTP/1.1" 200 2421 "http://ec2-52-193-50-98.ap-northeast-1.compute.amazonaws.com/overtime-co-dang-khong/" "Serf/1.1.0 mod_pagespeed/1.9.32.14-0"
126.159.244.73 - - [13/Nov/2016:10:51:08 +0000] "POST /ghost/api/v0.1/uploads/ HTTP/1.1" 200 39 "http://ec2-52-193-50-98.ap-northeast-1.compute.amazonaws.com/ghost/editor/2/" "Mozilla/5.0 (Windows NT 10.0; Win64; x64) AppleWebKit/537.36 (KHTML, like Gecko) Chrome/54.0.2840.71 Safari/537.36"
126.159.244.73 - - [13/Nov/2016:10:51:08 +0000] "GET /content/images/2016/11/overtime.jpeg HTTP/1.1" 200 140091 "http://ec2-52-193-50-98.ap-northeast-1.compute.amazonaws.com/ghost/editor/2/" "Mozilla/5.0 (Windows NT 10.0; Win64; x64) AppleWebKit/537.36 (KHTML, like Gecko) Chrome/54.0.2840.71 Safari/537.36"
126.159.244.73 - - [13/Nov/2016:10:51:08 +0000] "PUT /ghost/api/v0.1/posts/2/?include=tags HTTP/1.1" 200 - "http://ec2-52-193-50-98.ap-northeast-1.compute.amazonaws.com/ghost/editor/2/" "Mozilla/5.0 (Windows NT 10.0; Win64; x64) AppleWebKit/537.36 (KHTML, like Gecko) Chrome/54.0.2840.71 Safari/537.36"
126.159.244.73 - - [13/Nov/2016:10:51:35 +0000] "PUT /ghost/api/v0.1/posts/2/?include=tags HTTP/1.1" 200 - "http://ec2-52-193-50-98.ap-northeast-1.compute.amazonaws.com/ghost/editor/2/" "Mozilla/5.0 (Windows NT 10.0; Win64; x64) AppleWebKit/537.36 (KHTML, like Gecko) Chrome/54.0.2840.71 Safari/537.36"
126.159.244.73 - - [13/Nov/2016:10:51:59 +0000] "GET /ghost/api/v0.1/slugs/post/(Untitled)/ HTTP/1.1" 200 31 "http://ec2-52-193-50-98.ap-northeast-1.compute.amazonaws.com/ghost/editor/" "Mozilla/5.0 (Windows NT 10.0; Win64; x64) AppleWebKit/537.36 (KHTML, like Gecko) Chrome/54.0.2840.71 Safari/537.36"
126.159.244.73 - - [13/Nov/2016:10:51:59 +0000] "POST /ghost/api/v0.1/posts/?include=tags HTTP/1.1" 201 490 "http://ec2-52-193-50-98.ap-northeast-1.compute.amazonaws.com/ghost/editor/" "Mozilla/5.0 (Windows NT 10.0; Win64; x64) AppleWebKit/537.36 (KHTML, like Gecko) Chrome/54.0.2840.71 Safari/537.36"
126.159.244.73 - - [13/Nov/2016:10:52:02 +0000] "PUT /ghost/api/v0.1/posts/3/?include=tags HTTP/1.1" 200 - "http://ec2-52-193-50-98.ap-northeast-1.compute.amazonaws.com/ghost/editor/3/" "Mozilla/5.0 (Windows NT 10.0; Win64; x64) AppleWebKit/537.36 (KHTML, like Gecko) Chrome/54.0.2840.71 Safari/537.36"
126.159.244.73 - - [13/Nov/2016:10:52:20 +0000] "POST /ghost/api/v0.1/uploads/ HTTP/1.1" 200 56 "http://ec2-52-193-50-98.ap-northeast-1.compute.amazonaws.com/ghost/editor/3/" "Mozilla/5.0 (Windows NT 10.0; Win64; x64) AppleWebKit/537.36 (KHTML, like Gecko) Chrome/54.0.2840.71 Safari/537.36"
126.159.244.73 - - [13/Nov/2016:10:52:20 +0000] "GET /content/images/2016/11/ben_post_software_engineer.gif HTTP/1.1" 200 15368 "http://ec2-52-193-50-98.ap-northeast-1.compute.amazonaws.com/ghost/editor/3/" "Mozilla/5.0 (Windows NT 10.0; Win64; x64) AppleWebKit/537.36 (KHTML, like Gecko) Chrome/54.0.2840.71 Safari/537.36"
126.159.244.73 - - [13/Nov/2016:10:52:20 +0000] "PUT /ghost/api/v0.1/posts/3/?include=tags HTTP/1.1" 200 - "http://ec2-52-193-50-98.ap-northeast-1.compute.amazonaws.com/ghost/editor/3/" "Mozilla/5.0 (Windows NT 10.0; Win64; x64) AppleWebKit/537.36 (KHTML, like Gecko) Chrome/54.0.2840.71 Safari/537.36"
126.159.244.73 - - [13/Nov/2016:10:52:47 +0000] "PUT /ghost/api/v0.1/posts/3/?include=tags HTTP/1.1" 200 - "http://ec2-52-193-50-98.ap-northeast-1.compute.amazonaws.com/ghost/editor/3/" "Mozilla/5.0 (Windows NT 10.0; Win64; x64) AppleWebKit/537.36 (KHTML, like Gecko) Chrome/54.0.2840.71 Safari/537.36"
126.159.244.73 - - [13/Nov/2016:10:53:07 +0000] "GET /ghost/api/v0.1/slugs/post/(Untitled)/ HTTP/1.1" 200 33 "http://ec2-52-193-50-98.ap-northeast-1.compute.amazonaws.com/ghost/editor/" "Mozilla/5.0 (Windows NT 10.0; Win64; x64) AppleWebKit/537.36 (KHTML, like Gecko) Chrome/54.0.2840.71 Safari/537.36"
126.159.244.73 - - [13/Nov/2016:10:53:07 +0000] "POST /ghost/api/v0.1/posts/?include=tags HTTP/1.1" 201 494 "http://ec2-52-193-50-98.ap-northeast-1.compute.amazonaws.com/ghost/editor/" "Mozilla/5.0 (Windows NT 10.0; Win64; x64) AppleWebKit/537.36 (KHTML, like Gecko) Chrome/54.0.2840.71 Safari/537.36"
126.159.244.73 - - [13/Nov/2016:10:53:10 +0000] "PUT /ghost/api/v0.1/posts/4/?include=tags HTTP/1.1" 200 - "http://ec2-52-193-50-98.ap-northeast-1.compute.amazonaws.com/ghost/editor/4/" "Mozilla/5.0 (Windows NT 10.0; Win64; x64) AppleWebKit/537.36 (KHTML, like Gecko) Chrome/54.0.2840.71 Safari/537.36"
126.159.244.73 - - [13/Nov/2016:10:53:19 +0000] "PUT /ghost/api/v0.1/posts/4/?include=tags HTTP/1.1" 200 - "http://ec2-52-193-50-98.ap-northeast-1.compute.amazonaws.com/ghost/editor/4/" "Mozilla/5.0 (Windows NT 10.0; Win64; x64) AppleWebKit/537.36 (KHTML, like Gecko) Chrome/54.0.2840.71 Safari/537.36"
126.159.244.73 - - [13/Nov/2016:10:53:25 +0000] "POST /ghost/api/v0.1/uploads/ HTTP/1.1" 200 75 "http://ec2-52-193-50-98.ap-northeast-1.compute.amazonaws.com/ghost/editor/4/" "Mozilla/5.0 (Windows NT 10.0; Win64; x64) AppleWebKit/537.36 (KHTML, like Gecko) Chrome/54.0.2840.71 Safari/537.36"
126.159.244.73 - - [13/Nov/2016:10:53:25 +0000] "GET /content/images/2016/11/1511771_796084043760632_4102772770404691673_n.jpg HTTP/1.1" 200 112972 "http://ec2-52-193-50-98.ap-northeast-1.compute.amazonaws.com/ghost/editor/4/" "Mozilla/5.0 (Windows NT 10.0; Win64; x64) AppleWebKit/537.36 (KHTML, like Gecko) Chrome/54.0.2840.71 Safari/537.36"
126.159.244.73 - - [13/Nov/2016:10:53:25 +0000] "PUT /ghost/api/v0.1/posts/4/?include=tags HTTP/1.1" 200 - "http://ec2-52-193-50-98.ap-northeast-1.compute.amazonaws.com/ghost/editor/4/" "Mozilla/5.0 (Windows NT 10.0; Win64; x64) AppleWebKit/537.36 (KHTML, like Gecko) Chrome/54.0.2840.71 Safari/537.36"
126.159.244.73 - - [13/Nov/2016:10:53:41 +0000] "PUT /ghost/api/v0.1/posts/4/?include=tags HTTP/1.1" 200 - "http://ec2-52-193-50-98.ap-northeast-1.compute.amazonaws.com/ghost/editor/4/" "Mozilla/5.0 (Windows NT 10.0; Win64; x64) AppleWebKit/537.36 (KHTML, like Gecko) Chrome/54.0.2840.71 Safari/537.36"

ERROR: The {{get}} helper is not available. 
 Public API access must be enabled if you wish to use the {{get}} helper. 
 See http://support.ghost.org/public-api-beta 

126.159.244.73 - - [13/Nov/2016:10:54:03 +0000] "GET / HTTP/1.1" 200 - "-" "Mozilla/5.0 (Windows NT 10.0; Win64; x64) AppleWebKit/537.36 (KHTML, like Gecko) Chrome/54.0.2840.71 Safari/537.36"

ERROR: The {{get}} helper is not available. 
 Public API access must be enabled if you wish to use the {{get}} helper. 
 See http://support.ghost.org/public-api-beta 

107.170.107.176 - - [13/Nov/2016:10:55:19 +0000] "GET /ca-phe-va-tinh-ban/ HTTP/1.1" 200 - "-" "Mozilla/5.0 (Windows; U; Windows NT 5.1; en-GB; rv:1.8.1.6) Gecko/20070725 Firefox/2.0.0.6"

ERROR: The {{get}} helper is not available. 
 Public API access must be enabled if you wish to use the {{get}} helper. 
 See http://support.ghost.org/public-api-beta 

54.174.114.150 - - [13/Nov/2016:10:59:50 +0000] "GET / HTTP/1.1" 200 - "-" "Slackbot-LinkExpanding 1.0 (+https://api.slack.com/robots)"

ERROR: The {{get}} helper is not available. 
 Public API access must be enabled if you wish to use the {{get}} helper. 
 See http://support.ghost.org/public-api-beta 

23.250.13.162 - - [13/Nov/2016:11:00:01 +0000] "GET /ca-phe-va-tinh-ban/ HTTP/1.1" 200 - "http://ec2-52-193-50-98.ap-northeast-1.compute.amazonaws.com/" "Opera/9.80 (Windows NT 6.2; Win64; x64) Presto/2.12.388 Version/12.17"

ERROR: The {{get}} helper is not available. 
 Public API access must be enabled if you wish to use the {{get}} helper. 
 See http://support.ghost.org/public-api-beta 

121.17.154.163 - - [13/Nov/2016:11:00:05 +0000] "GET /untitled/ HTTP/1.1" 200 - "-" "Mozilla/4.0 (compatible; MSIE 6.0; Windows NT 5.1)"

ERROR: The {{get}} helper is not available. 
 Public API access must be enabled if you wish to use the {{get}} helper. 
 See http://support.ghost.org/public-api-beta 

218.59.187.33 - - [13/Nov/2016:11:00:18 +0000] "GET /untitled/ HTTP/1.1" 200 - "-" "Mozilla/4.0 (compatible; MSIE 6.0; Windows NT 5.1)"

ERROR: The {{get}} helper is not available. 
 Public API access must be enabled if you wish to use the {{get}} helper. 
 See http://support.ghost.org/public-api-beta 

120.27.45.145 - - [13/Nov/2016:11:01:35 +0000] "GET /overtime-co-dang-khong/ HTTP/1.1" 200 - "-" "Mozilla/4.0 (compatible; MSIE 6.0; Windows NT 5.1)"

ERROR: The {{get}} helper is not available. 
 Public API access must be enabled if you wish to use the {{get}} helper. 
 See http://support.ghost.org/public-api-beta 

208.80.194.30 - - [13/Nov/2016:11:01:39 +0000] "GET /ca-phe-va-tinh-ban/ HTTP/1.1" 200 20354 "-" "Mozilla/5.0 (Windows NT 5.1; U; en) Opera 8.01"

ERROR: The {{get}} helper is not available. 
 Public API access must be enabled if you wish to use the {{get}} helper. 
 See http://support.ghost.org/public-api-beta 

123.122.211.105 - - [13/Nov/2016:11:03:14 +0000] "GET /overtime-co-dang-khong/ HTTP/1.1" 200 - "-" "Mozilla/4.0 (compatible; MSIE 6.0; Windows NT 5.1)"

ERROR: The {{get}} helper is not available. 
 Public API access must be enabled if you wish to use the {{get}} helper. 
 See http://support.ghost.org/public-api-beta 

114.250.89.100 - - [13/Nov/2016:11:03:16 +0000] "GET /overtime-co-dang-khong/ HTTP/1.1" 200 - "-" "Mozilla/4.0 (compatible; MSIE 6.0; Windows NT 5.1)"

ERROR: The {{get}} helper is not available. 
 Public API access must be enabled if you wish to use the {{get}} helper. 
 See http://support.ghost.org/public-api-beta 

173.252.120.107 - - [13/Nov/2016:11:03:28 +0000] "GET / HTTP/1.1" 200 - "-" "facebookexternalhit/1.1 (+http://www.facebook.com/externalhit_uatext.php)"

ERROR: The {{get}} helper is not available. 
 Public API access must be enabled if you wish to use the {{get}} helper. 
 See http://support.ghost.org/public-api-beta 

173.252.120.108 - - [13/Nov/2016:11:03:29 +0000] "GET / HTTP/1.1" 200 - "-" "facebookexternalhit/1.1 (+http://www.facebook.com/externalhit_uatext.php)"

ERROR: The {{get}} helper is not available. 
 Public API access must be enabled if you wish to use the {{get}} helper. 
 See http://support.ghost.org/public-api-beta 

182.75.54.146 - - [13/Nov/2016:11:03:54 +0000] "GET /untitled/ HTTP/1.1" 200 - "-" "Mozilla/4.0 (compatible; MSIE 6.0; Windows NT 5.1)"

ERROR: The {{get}} helper is not available. 
 Public API access must be enabled if you wish to use the {{get}} helper. 
 See http://support.ghost.org/public-api-beta 

139.224.69.168 - - [13/Nov/2016:11:05:08 +0000] "GET /overtime-co-dang-khong/ HTTP/1.1" 200 - "-" "Mozilla/4.0 (compatible; MSIE 6.0; Windows NT 5.1)"

ERROR: The {{get}} helper is not available. 
 Public API access must be enabled if you wish to use the {{get}} helper. 
 See http://support.ghost.org/public-api-beta 

180.248.80.30 - - [13/Nov/2016:11:09:23 +0000] "GET /ca-phe-va-tinh-ban/ HTTP/1.1" 200 - "-" "Mozilla/4.0 (compatible; MSIE 6.0; Windows NT 5.1)"

ERROR: The {{get}} helper is not available. 
 Public API access must be enabled if you wish to use the {{get}} helper. 
 See http://support.ghost.org/public-api-beta 

120.194.119.173 - - [13/Nov/2016:11:09:24 +0000] "GET /ca-phe-va-tinh-ban/ HTTP/1.1" 200 - "-" "Mozilla/4.0 (compatible; MSIE 6.0; Windows NT 5.1)"

ERROR: The {{get}} helper is not available. 
 Public API access must be enabled if you wish to use the {{get}} helper. 
 See http://support.ghost.org/public-api-beta 

120.194.119.173 - - [13/Nov/2016:11:09:24 +0000] "GET /ca-phe-va-tinh-ban/ HTTP/1.1" 200 - "-" "Mozilla/4.0 (compatible; MSIE 6.0; Windows NT 5.1)"

ERROR: The {{get}} helper is not available. 
 Public API access must be enabled if you wish to use the {{get}} helper. 
 See http://support.ghost.org/public-api-beta 

157.107.174.157 - - [13/Nov/2016:11:18:55 +0000] "GET / HTTP/1.1" 200 - "https://www.facebook.com/" "Mozilla/5.0 (Macintosh; Intel Mac OS X 10_11_6) AppleWebKit/602.1.50 (KHTML, like Gecko) Version/10.0 Safari/602.1.50"
157.107.174.157 - - [13/Nov/2016:11:18:56 +0000] "GET /assets/fonts/mapache.ttf HTTP/1.1" 200 - "http://ec2-52-193-50-98.ap-northeast-1.compute.amazonaws.com/" "Mozilla/5.0 (Macintosh; Intel Mac OS X 10_11_6) AppleWebKit/602.1.50 (KHTML, like Gecko) Version/10.0 Safari/602.1.50"
126.159.244.73 - - [13/Nov/2016:11:39:15 +0000] "POST /ghost/api/v0.1/authentication/token HTTP/1.1" 200 - "http://ec2-52-193-50-98.ap-northeast-1.compute.amazonaws.com/ghost/editor/4/" "Mozilla/5.0 (Windows NT 10.0; Win64; x64) AppleWebKit/537.36 (KHTML, like Gecko) Chrome/54.0.2840.71 Safari/537.36"

ERROR: The {{get}} helper is not available. 
 Public API access must be enabled if you wish to use the {{get}} helper. 
 See http://support.ghost.org/public-api-beta 

223.81.131.199 - - [13/Nov/2016:11:42:05 +0000] "GET /ca-phe-va-tinh-ban/ HTTP/1.1" 200 - "-" "Mozilla/4.0 (compatible; MSIE 6.0; Windows NT 5.1)"

ERROR: The {{get}} helper is not available. 
 Public API access must be enabled if you wish to use the {{get}} helper. 
 See http://support.ghost.org/public-api-beta 

186.179.220.201 - - [13/Nov/2016:11:45:05 +0000] "GET / HTTP/1.1" 200 12956 "-" "Mozilla/5.0 (compatible; Googlebot/2.1; +http://www.google.com/bot.html)"
172.31.16.71 - - [13/Nov/2016:11:45:05 +0000] "GET /assets/css/main.css?v=ff53881f57 HTTP/1.1" 200 40861 "http://localhost/" "Serf/1.1.0 mod_pagespeed/1.9.32.14-0"
172.31.16.71 - - [13/Nov/2016:11:45:05 +0000] "GET /assets/js/bundle.min.js?v=ff53881f57 HTTP/1.1" 200 42836 "http://localhost/" "Serf/1.1.0 mod_pagespeed/1.9.32.14-0"
172.31.16.71 - - [13/Nov/2016:11:45:05 +0000] "GET /assets/img/icon.png?v=ff53881f57 HTTP/1.1" 200 4605 "http://localhost/" "Serf/1.1.0 mod_pagespeed/1.9.32.14-0"
172.31.16.71 - - [13/Nov/2016:11:45:05 +0000] "GET /content/images/2016/11/images.png HTTP/1.1" 200 1569 "http://localhost/" "Serf/1.1.0 mod_pagespeed/1.9.32.14-0"
